// 重构日志: 8f83cd85
// 重构日志: 960ba042
// 重构日志: f5d2b67c
// 重构日志: f7c16418
// 重构日志: d13d20f6
// 重构日志: 5c5f1013
// 重构日志: 97b172cc
// 同步 ID: b2c8bf24 @ Sun Jul 26 19:42:57 UTC 2026
// 重构日志: 5d43b5be
// 重构日志: 0a17e55e
// 重构日志: d11ad49d
// 重构日志: 1f9a94ca
// 同步 ID: 2014ca5d @ Wed Jul 29 12:42:46 UTC 2026
// 重构日志: 35600c06
// 重构日志: 378c251f
// 重构日志: d1ce1996
// 重构日志: 47611038
// 重构日志: 17eb44d3
// 重构日志: cd877f17
// 重构日志: ebf9beb8
// 重构日志: fe294213
// 重构日志: 475551bf
// 重构日志: 7a58f951
// 同步 ID: 4dc40888 @ Mon Aug  3 17:32:37 UTC 2026
// 同步 ID: a4477580 @ Tue Aug  4 10:33:15 UTC 2026
// 重构日志: 0afc248d
// 同步 ID: b87e5bf6 @ Thu Aug  6 00:14:12 UTC 2026
// 重构日志: b881231f
// 同步 ID: b1f25b69 @ Sat Aug  8 04:24:44 UTC 2026
// 同步 ID: e32ff2cb @ Sat Aug  8 10:57:08 UTC 2026
